app/actions/import-family.ts(110,30): error TS2339: Property 'rut' does not exist on type 'never'.
app/actions/import-family.ts(110,39): error TS2339: Property 'custom_data' does not exist on type 'never'.
app/actions/import-family.ts(190,98): error TS2769: No overload matches this call.
  Overload 1 of 2, '(values: never, options?: { count?: "exact" | "planned" | "estimated" | undefined; } | undefined): PostgrestFilterBuilder<{ PostgrestVersion: "12"; }, never, never, null, "family_members", never, "POST">', gave the following error.
    Argument of type 'any[]' is not assignable to parameter of type 'never'.
  Overload 2 of 2, '(values: never[], options?: { count?: "exact" | "planned" | "estimated" | undefined; defaultToNull?: boolean | undefined; } | undefined): PostgrestFilterBuilder<{ PostgrestVersion: "12"; }, never, never, null, "family_members", never, "POST">', gave the following error.
    Argument of type 'any[]' is not assignable to parameter of type 'never[]'.
      Type 'any' is not assignable to type 'never'.
app/actions/import-socios.ts(71,62): error TS2339: Property 'label' does not exist on type 'never'.
app/actions/import-socios.ts(75,38): error TS2339: Property 'field_key' does not exist on type 'never'.
app/actions/import-socios.ts(138,53): error TS2339: Property 'raw_data' does not exist on type 'never'.
app/actions/import-socios.ts(200,30): error TS2339: Property 'tenant_id' does not exist on type 'never'.
app/actions/import-socios.ts(204,36): error TS2339: Property 'tenant_id' does not exist on type 'never'.
app/actions/import-socios.ts(220,22): error TS2339: Property 'raw_data' does not exist on type 'never'.
app/actions/import-socios.ts(220,47): error TS2339: Property 'raw_data' does not exist on type 'never'.
app/actions/import-socios.ts(221,18): error TS2339: Property 'raw_data' does not exist on type 'never'.
app/actions/import-socios.ts(222,24): error TS2339: Property 'raw_data' does not exist on type 'never'.
app/actions/import-socios.ts(223,16): error TS2339: Property 'raw_data' does not exist on type 'never'.
app/actions/import-socios.ts(250,35): error TS2339: Property 'status' does not exist on type 'never'.
app/actions/import-socios.ts(251,39): error TS2339: Property 'status' does not exist on type 'never'.
app/actions/import-socios.ts(252,35): error TS2339: Property 'status' does not exist on type 'never'.
app/actions/import-socios.ts(253,37): error TS2339: Property 'status' does not exist on type 'never'.
app/actions/providers/team-actions.ts(71,31): error TS2339: Property 'id' does not exist on type 'never'.
app/actions/providers/team-actions.ts(77,10): error TS2769: No overload matches this call.
  Overload 1 of 2, '(values: never, options?: { count?: "exact" | "planned" | "estimated" | undefined; } | undefined): PostgrestFilterBuilder<{ PostgrestVersion: "12"; }, never, never, null, "provider_users", never, "POST">', gave the following error.
    Argument of type '{ provider_id: string; user_id: any; invited_email: string; invited_name: string; role: string; }' is not assignable to parameter of type 'never'.
  Overload 2 of 2, '(values: never[], options?: { count?: "exact" | "planned" | "estimated" | undefined; defaultToNull?: boolean | undefined; } | undefined): PostgrestFilterBuilder<{ PostgrestVersion: "12"; }, never, never, null, "provider_users", never, "POST">', gave the following error.
    Object literal may only specify known properties, and 'provider_id' does not exist in type 'never[]'.
app/actions/provisioning.ts(47,10): error TS2769: No overload matches this call.
  Overload 1 of 2, '(values: never, options?: { count?: "exact" | "planned" | "estimated" | undefined; } | undefined): PostgrestFilterBuilder<{ PostgrestVersion: "12"; }, never, never, null, "tenants", never, "POST">', gave the following error.
    Argument of type '{ name: string; slug: string; config: { brandColor: string | undefined; logoUrl: string | undefined; features: { crm: boolean; tickets: boolean; }; }; status: string; }' is not assignable to parameter of type 'never'.
  Overload 2 of 2, '(values: never[], options?: { count?: "exact" | "planned" | "estimated" | undefined; defaultToNull?: boolean | undefined; } | undefined): PostgrestFilterBuilder<{ PostgrestVersion: "12"; }, never, never, null, "tenants", never, "POST">', gave the following error.
    Object literal may only specify known properties, and 'name' does not exist in type 'never[]'.
app/actions/provisioning.ts(70,43): error TS2339: Property 'id' does not exist on type 'never'.
app/actions/provisioning.ts(90,70): error TS2339: Property 'id' does not exist on type 'never'.
app/actions/provisioning.ts(99,10): error TS2769: No overload matches this call.
  Overload 1 of 2, '(values: never, options?: { onConflict?: string | undefined; ignoreDuplicates?: boolean | undefined; count?: "exact" | "planned" | "estimated" | undefined; } | undefined): PostgrestFilterBuilder<{ ...; }, ... 5 more ..., "POST">', gave the following error.
    Argument of type '{ id: string; tenant_id: any; email: string; full_name: string; role: string; metadata: { source: string; }; }' is not assignable to parameter of type 'never'.
  Overload 2 of 2, '(values: never[], options?: { onConflict?: string | undefined; ignoreDuplicates?: boolean | undefined; count?: "exact" | "planned" | "estimated" | undefined; defaultToNull?: boolean | undefined; } | undefined): PostgrestFilterBuilder<...>', gave the following error.
    Object literal may only specify known properties, and 'id' does not exist in type 'never[]'.
app/actions/provisioning.ts(101,31): error TS2339: Property 'id' does not exist on type 'never'.
app/actions/provisioning.ts(116,62): error TS2769: No overload matches this call.
  Overload 1 of 2, '(values: never, options?: { count?: "exact" | "planned" | "estimated" | undefined; } | undefined): PostgrestFilterBuilder<{ PostgrestVersion: "12"; }, never, never, null, "ticket_categories", never, "POST">', gave the following error.
    Argument of type '{ tenant_id: any; name: string; sla_hours_resolution: number; }[]' is not assignable to parameter of type 'never'.
app/actions/provisioning.ts(117,33): error TS2339: Property 'id' does not exist on type 'never'.
app/actions/provisioning.ts(118,33): error TS2339: Property 'id' does not exist on type 'never'.
app/actions/provisioning.ts(119,33): error TS2339: Property 'id' does not exist on type 'never'.
app/actions/provisioning.ts(124,59): error TS2769: No overload matches this call.
  Overload 1 of 2, '(values: never, options?: { count?: "exact" | "planned" | "estimated" | undefined; } | undefined): PostgrestFilterBuilder<{ PostgrestVersion: "12"; }, never, never, null, "support_macros", never, "POST">', gave the following error.
    Argument of type '{ tenant_id: any; title: string; content: string; }[]' is not assignable to parameter of type 'never'.
app/actions/provisioning.ts(125,33): error TS2339: Property 'id' does not exist on type 'never'.
app/actions/provisioning.ts(126,33): error TS2339: Property 'id' does not exist on type 'never'.
app/actions/provisioning.ts(132,83): error TS2769: No overload matches this call.
  Overload 1 of 2, '(values: never, options?: { count?: "exact" | "planned" | "estimated" | undefined; } | undefined): PostgrestFilterBuilder<{ PostgrestVersion: "12"; }, never, never, null, "user_profiles", never, "POST">', gave the following error.
    Argument of type '{ id: string; tenant_id: any; email: string; full_name: string; role: string; }[]' is not assignable to parameter of type 'never'.
app/actions/provisioning.ts(133,58): error TS2339: Property 'id' does not exist on type 'never'.
app/actions/provisioning.ts(133,85): error TS2339: Property 'slug' does not exist on type 'never'.
app/actions/provisioning.ts(134,58): error TS2339: Property 'id' does not exist on type 'never'.
app/actions/provisioning.ts(134,85): error TS2339: Property 'slug' does not exist on type 'never'.
app/actions/provisioning.ts(135,58): error TS2339: Property 'id' does not exist on type 'never'.
app/actions/provisioning.ts(135,85): error TS2339: Property 'slug' does not exist on type 'never'.
app/actions/provisioning.ts(140,56): error TS2769: No overload matches this call.
  Overload 1 of 2, '(values: never, options?: { count?: "exact" | "planned" | "estimated" | undefined; } | undefined): PostgrestFilterBuilder<{ PostgrestVersion: "12"; }, never, never, null, "tickets", never, "POST">', gave the following error.
    Argument of type '{ tenant_id: any; user_id: any; subject: string; priority: string; status: string; }[]' is not assignable to parameter of type 'never'.
app/actions/provisioning.ts(141,37): error TS2339: Property 'id' does not exist on type 'never'.
app/actions/provisioning.ts(141,60): error TS2339: Property 'id' does not exist on type 'never'.
app/actions/provisioning.ts(142,37): error TS2339: Property 'id' does not exist on type 'never'.
app/actions/provisioning.ts(142,60): error TS2339: Property 'id' does not exist on type 'never'.
app/actions/provisioning.ts(152,30): error TS2339: Property 'id' does not exist on type 'never'.
app/admin/onboarding/page.tsx(39,9): error TS2322: Type 'Resolver<{ name: string; slug: string; color?: string | undefined; } | { adminName: string; adminEmail: string; seedCategories?: boolean | undefined; seedMacros?: boolean | undefined; demoData?: boolean | undefined; }, any, { ...; } | { ...; }>' is not assignable to type 'Resolver<FormData, any, FormData>'.
  Types of parameters 'options' and 'options' are incompatible.
    Type 'ResolverOptions<FormData>' is not assignable to type 'ResolverOptions<{ name: string; slug: string; color?: string | undefined; } | { adminName: string; adminEmail: string; seedCategories?: boolean | undefined; seedMacros?: boolean | undefined; demoData?: boolean | undefined; }>'.
      Types of property 'names' are incompatible.
        Type '("name" | "slug" | "color" | "adminName" | "adminEmail" | "seedCategories" | "seedMacros" | "demoData")[] | undefined' is not assignable to type 'never[] | undefined'.
          Type '("name" | "slug" | "color" | "adminName" | "adminEmail" | "seedCategories" | "seedMacros" | "demoData")[]' is not assignable to type 'never[]'.
            Type '"name" | "slug" | "color" | "adminName" | "adminEmail" | "seedCategories" | "seedMacros" | "demoData"' is not assignable to type 'never'.
              Type '"name"' is not assignable to type 'never'.
app/admin/onboarding/page.tsx(146,51): error TS2345: Argument of type '(data: FormData) => Promise<void>' is not assignable to parameter of type 'SubmitHandler<TFieldValues>'.
  Types of parameters 'data' and 'data' are incompatible.
    Type 'TFieldValues' is not assignable to type 'FormData'.
      Type 'FieldValues' is not assignable to type 'FormData'.
        Type 'FieldValues' is missing the following properties from type '{ name: string; slug: string; color?: string | undefined; }': name, slug
          Type 'TFieldValues' is not assignable to type '{ name: string; slug: string; color?: string | undefined; }'.
            Type 'FieldValues' is missing the following properties from type '{ name: string; slug: string; color?: string | undefined; }': name, slug
app/api/backoffice/inbox/route.ts(18,40): error TS2339: Property 'id' does not exist on type 'never'.
app/api/backoffice/inbox/route.ts(34,19): error TS2339: Property 'id' does not exist on type 'never'.
app/api/backoffice/inbox/route.ts(36,25): error TS2339: Property 'priority' does not exist on type 'never'.
app/api/backoffice/inbox/route.ts(37,22): error TS2339: Property 'subject' does not exist on type 'never'.
app/api/backoffice/inbox/route.ts(38,21): error TS2339: Property 'user_name' does not exist on type 'never'.
app/api/backoffice/inbox/route.ts(38,36): error TS2339: Property 'user_email' does not exist on type 'never'.
app/api/backoffice/inbox/route.ts(39,30): error TS2339: Property 'created_at' does not exist on type 'never'.
app/api/backoffice/inbox/route.ts(40,23): error TS2339: Property 'status' does not exist on type 'never'.
app/api/backoffice/inbox/route.ts(55,19): error TS2339: Property 'id' does not exist on type 'never'.
app/api/backoffice/inbox/route.ts(58,36): error TS2339: Property 'result' does not exist on type 'never'.
app/api/backoffice/inbox/route.ts(58,49): error TS2339: Property 'method' does not exist on type 'never'.
app/api/backoffice/inbox/route.ts(59,21): error TS2339: Property 'payload' does not exist on type 'never'.
app/api/backoffice/inbox/route.ts(60,30): error TS2339: Property 'created_at' does not exist on type 'never'.
app/api/backoffice/inbox/route.ts(61,23): error TS2339: Property 'result' does not exist on type 'never'.
app/api/backoffice/inbox/route.ts(76,19): error TS2339: Property 'id' does not exist on type 'never'.
app/api/backoffice/inbox/route.ts(79,41): error TS2339: Property 'title' does not exist on type 'never'.
app/api/backoffice/inbox/route.ts(80,21): error TS2339: Property 'author_name' does not exist on type 'never'.
app/api/backoffice/inbox/route.ts(81,30): error TS2339: Property 'created_at' does not exist on type 'never'.
app/api/feed/route.ts(28,18): error TS2339: Property 'id' does not exist on type 'never'.
app/api/feed/route.ts(30,21): error TS2339: Property 'title' does not exist on type 'never'.
app/api/feed/route.ts(31,20): error TS2339: Property 'created_at' does not exist on type 'never'.
app/api/feed/route.ts(32,23): error TS2339: Property 'summary' does not exist on type 'never'.
app/api/feed/route.ts(33,22): error TS2339: Property 'author_name' does not exist on type 'never'.
app/api/feed/route.ts(34,25): error TS2339: Property 'thumbnail_url' does not exist on type 'never'.
app/api/feed/route.ts(35,23): error TS2339: Property 'content_html' does not exist on type 'never'.
app/api/feed/route.ts(37,24): error TS2339: Property 'category' does not exist on type 'never'.
app/api/test/chaos/route.ts(11,30): error TS2339: Property 'id' does not exist on type 'never'.
app/api/validate-benefit/route.ts(41,25): error TS2339: Property 'status' does not exist on type 'never'.
app/api/validate-benefit/route.ts(42,27): error TS2339: Property 'names' does not exist on type 'never'.
app/api/validate-benefit/route.ts(42,41): error TS2339: Property 'surnames' does not exist on type 'never'.
app/api/webhooks/create-ticket/route.ts(49,41): error TS2339: Property 'id' does not exist on type 'never'.
app/api/webhooks/create-ticket/route.ts(54,31): error TS2339: Property 'id' does not exist on type 'never'.
app/api/webhooks/create-ticket/route.ts(57,26): error TS2339: Property 'goodbarber_app_id' does not exist on type 'never'.
app/api/webhooks/create-ticket/route.ts(60,33): error TS2345: Argument of type '{ goodbarber_app_id: any; }' is not assignable to parameter of type 'never'.
app/api/webhooks/create-ticket/route.ts(61,40): error TS2339: Property 'id' does not exist on type 'never'.
app/api/webhooks/create-ticket/route.ts(82,14): error TS2769: No overload matches this call.
  Overload 1 of 2, '(values: never, options?: { count?: "exact" | "planned" | "estimated" | undefined; } | undefined): PostgrestFilterBuilder<{ PostgrestVersion: "12"; }, never, never, null, "tickets", never, "POST">', gave the following error.
    Argument of type '{ tenant_id: any; subject: string; user_name: any; user_email: any; status: string; priority: string; created_by: string | null; assigned_to: null; }' is not assignable to parameter of type 'never'.
  Overload 2 of 2, '(values: never[], options?: { count?: "exact" | "planned" | "estimated" | undefined; defaultToNull?: boolean | undefined; } | undefined): PostgrestFilterBuilder<{ PostgrestVersion: "12"; }, never, never, null, "tickets", never, "POST">', gave the following error.
    Object literal may only specify known properties, and 'tenant_id' does not exist in type 'never[]'.
app/api/webhooks/create-ticket/route.ts(83,35): error TS2339: Property 'id' does not exist on type 'never'.
app/api/webhooks/create-ticket/route.ts(102,53): error TS2769: No overload matches this call.
  Overload 1 of 2, '(values: never, options?: { count?: "exact" | "planned" | "estimated" | undefined; } | undefined): PostgrestFilterBuilder<{ PostgrestVersion: "12"; }, never, never, null, "ticket_messages", never, "POST">', gave the following error.
    Argument of type '{ tenant_id: any; ticket_id: any; sender_type: string; body: string; author_id: string | null; }' is not assignable to parameter of type 'never'.
  Overload 2 of 2, '(values: never[], options?: { count?: "exact" | "planned" | "estimated" | undefined; defaultToNull?: boolean | undefined; } | undefined): PostgrestFilterBuilder<{ PostgrestVersion: "12"; }, never, never, null, "ticket_messages", never, "POST">', gave the following error.
    Object literal may only specify known properties, and 'tenant_id' does not exist in type 'never[]'.
app/api/webhooks/create-ticket/route.ts(103,31): error TS2339: Property 'id' does not exist on type 'never'.
app/api/webhooks/create-ticket/route.ts(104,31): error TS2339: Property 'id' does not exist on type 'never'.
app/api/webhooks/create-ticket/route.ts(112,73): error TS2339: Property 'ticket_number' does not exist on type 'never'.
app/api/webhooks/incoming-payment/route.ts(15,14): error TS2769: No overload matches this call.
  Overload 1 of 2, '(values: never, options?: { count?: "exact" | "planned" | "estimated" | undefined; } | undefined): PostgrestFilterBuilder<{ PostgrestVersion: "12"; }, never, never, null, "payment_audit_logs", never, "POST">', gave the following error.
    Argument of type '{ email_subject: any; email_body: any; status: string; }' is not assignable to parameter of type 'never'.
  Overload 2 of 2, '(values: never[], options?: { count?: "exact" | "planned" | "estimated" | undefined; defaultToNull?: boolean | undefined; } | undefined): PostgrestFilterBuilder<{ PostgrestVersion: "12"; }, never, never, null, "payment_audit_logs", never, "POST">', gave the following error.
    Object literal may only specify known properties, and 'email_subject' does not exist in type 'never[]'.
app/api/webhooks/incoming-payment/route.ts(63,19): error TS2339: Property 'status' does not exist on type 'never'.
app/api/webhooks/incoming-payment/route.ts(67,25): error TS2345: Argument of type '{ status: string; raw_proof: string; }' is not assignable to parameter of type 'never'.
app/api/webhooks/incoming-payment/route.ts(71,33): error TS2339: Property 'id' does not exist on type 'never'.
app/api/webhooks/incoming-payment/route.ts(81,29): error TS2345: Argument of type '{ status: string; matched_order_code: string; }' is not assignable to parameter of type 'never'.
app/api/webhooks/incoming-payment/route.ts(85,40): error TS2339: Property 'id' does not exist on type 'never'.
app/api/webhooks/incoming-payment/route.ts(96,64): error TS2339: Property 'status' does not exist on type 'never'.
app/api/webhooks/sync-user/route.ts(43,21): error TS2345: Argument of type '{ goodbarber_app_id: any; }' is not assignable to parameter of type 'never'.
app/api/webhooks/sync-user/route.ts(48,37): error TS2339: Property 'id' does not exist on type 'never'.
app/dashboard/campanas/page.tsx(40,45): error TS7006: Parameter 'c' implicitly has an 'any' type.
app/dashboard/contenidos/actions.ts(35,10): error TS2769: No overload matches this call.
  Overload 1 of 2, '(values: never, options?: { count?: "exact" | "planned" | "estimated" | undefined; } | undefined): PostgrestFilterBuilder<{ PostgrestVersion: "12"; }, never, never, null, "content_items", never, "POST">', gave the following error.
    Argument of type '{ tenant_id: any; provider_id: string; author_name: any; title: string; summary: string; content_html: string; category: string; thumbnail_url: string | undefined; status: string; }' is not assignable to parameter of type 'never'.
  Overload 2 of 2, '(values: never[], options?: { count?: "exact" | "planned" | "estimated" | undefined; defaultToNull?: boolean | undefined; } | undefined): PostgrestFilterBuilder<{ PostgrestVersion: "12"; }, never, never, null, "content_items", never, "POST">', gave the following error.
    Object literal may only specify known properties, and 'tenant_id' does not exist in type 'never[]'.
app/dashboard/contenidos/actions.ts(36,32): error TS2339: Property 'tenant_id' does not exist on type 'never'.
app/dashboard/contenidos/actions.ts(38,34): error TS2339: Property 'full_name' does not exist on type 'never'.
app/dashboard/contenidos/actions.ts(77,17): error TS2345: Argument of type '{ status: string; }' is not assignable to parameter of type 'never'.
app/dashboard/contenidos/actions.ts(85,10): error TS2769: No overload matches this call.
  Overload 1 of 2, '(values: never, options?: { count?: "exact" | "planned" | "estimated" | undefined; } | undefined): PostgrestFilterBuilder<{ PostgrestVersion: "12"; }, never, never, null, "content_reviews", never, "POST">', gave the following error.
    Argument of type '{ content_item_id: string; reviewer_id: string; new_status: string; comment: string; }' is not assignable to parameter of type 'never'.
  Overload 2 of 2, '(values: never[], options?: { count?: "exact" | "planned" | "estimated" | undefined; defaultToNull?: boolean | undefined; } | undefined): PostgrestFilterBuilder<{ PostgrestVersion: "12"; }, never, never, null, "content_reviews", never, "POST">', gave the following error.
    Object literal may only specify known properties, and 'content_item_id' does not exist in type 'never[]'.
app/dashboard/contenidos/page.tsx(32,31): error TS2339: Property 'roles' does not exist on type 'never'.
app/dashboard/contenidos/page.tsx(37,9): error TS7034: Variable 'inboxItems' implicitly has type 'any[]' in some locations where its type cannot be determined.
app/dashboard/contenidos/page.tsx(96,45): error TS7005: Variable 'inboxItems' implicitly has an 'any[]' type.
app/dashboard/contenidos/page.tsx(140,65): error TS2339: Property 'id' does not exist on type 'never'.
app/dashboard/contenidos/page.tsx(141,90): error TS2339: Property 'title' does not exist on type 'never'.
app/dashboard/contenidos/page.tsx(142,86): error TS2339: Property 'status' does not exist on type 'never'.
app/dashboard/contenidos/page.tsx(143,75): error TS2339: Property 'created_at' does not exist on type 'never'.
app/dashboard/contenidos/page.tsx(147,115): error TS2339: Property 'id' does not exist on type 'never'.
app/dashboard/socios/actions.ts(28,31): error TS2339: Property 'tenant_id' does not exist on type 'never'.
app/dashboard/socios/actions.ts(80,10): error TS2769: No overload matches this call.
  Overload 1 of 2, '(values: never, options?: { count?: "exact" | "planned" | "estimated" | undefined; } | undefined): PostgrestFilterBuilder<{ PostgrestVersion: "12"; }, never, never, null, "user_profiles", never, "POST">', gave the following error.
    Argument of type '{ tenant_id: any; id: string; full_name: string; email: string | null; custom_data: Record<string, any>; metadata: { source: string; status: string; created_by: string; }; updated_at: string; }' is not assignable to parameter of type 'never'.
  Overload 2 of 2, '(values: never[], options?: { count?: "exact" | "planned" | "estimated" | undefined; defaultToNull?: boolean | undefined; } | undefined): PostgrestFilterBuilder<{ PostgrestVersion: "12"; }, never, never, null, "user_profiles", never, "POST">', gave the following error.
    Object literal may only specify known properties, and 'tenant_id' does not exist in type 'never[]'.
app/dashboard/socios/actions.ts(142,38): error TS2339: Property 'custom_data' does not exist on type 'never'.
app/dashboard/socios/actions.ts(172,17): error TS2345: Argument of type '{ custom_data: any; updated_at: string; }' is not assignable to parameter of type 'never'.
app/dashboard/socios/page.tsx(47,35): error TS2339: Property 'tenant_id' does not exist on type 'never'.
app/dashboard/socios/page.tsx(65,34): error TS2339: Property 'tenant_id' does not exist on type 'never'.
app/dashboard/socios/page.tsx(142,62): error TS2339: Property 'id' does not exist on type 'never'.
app/dashboard/socios/page.tsx(144,56): error TS2339: Property 'full_name' does not exist on type 'never'.
app/dashboard/socios/page.tsx(148,57): error TS2339: Property 'metadata' does not exist on type 'never'.
app/dashboard/socios/page.tsx(148,75): error TS2339: Property 'metadata' does not exist on type 'never'.
app/dashboard/socios/page.tsx(148,102): error TS2339: Property 'custom_data' does not exist on type 'never'.
app/dashboard/socios/page.tsx(148,123): error TS2339: Property 'custom_data' does not exist on type 'never'.
app/dashboard/socios/page.tsx(150,63): error TS2339: Property 'email' does not exist on type 'never'.
app/dashboard/socios/page.tsx(152,76): error TS2339: Property 'is_active' does not exist on type 'never'.
app/dashboard/socios/page.tsx(156,57): error TS2339: Property 'metadata' does not exist on type 'never'.
app/dashboard/socios/page.tsx(156,75): error TS2339: Property 'metadata' does not exist on type 'never'.
app/dashboard/socios/page.tsx(161,96): error TS2339: Property 'id' does not exist on type 'never'.
app/dashboard/socios/page.tsx(163,82): error TS2339: Property 'id' does not exist on type 'never'.
utils/logger.ts(62,48): error TS2769: No overload matches this call.
  Overload 1 of 2, '(values: never, options?: { count?: "exact" | "planned" | "estimated" | undefined; } | undefined): PostgrestFilterBuilder<{ PostgrestVersion: "12"; }, never, never, null, "system_logs", never, "POST">', gave the following error.
    Argument of type '{ level: LogLevel; event_type: string; tenant_id: string | null; actor_id: string | null; request_id: string | null; duration_ms: number | null; metadata: any; timestamp: string; }' is not assignable to parameter of type 'never'.
  Overload 2 of 2, '(values: never[], options?: { count?: "exact" | "planned" | "estimated" | undefined; defaultToNull?: boolean | undefined; } | undefined): PostgrestFilterBuilder<{ PostgrestVersion: "12"; }, never, never, null, "system_logs", never, "POST">', gave the following error.
    Object literal may only specify known properties, and 'level' does not exist in type 'never[]'.
